[2026-08-17 15:08:08] INFO: Starting Flye 2.9.6-b1802
[2026-08-17 15:08:08] INFO: >>>STAGE: configure
[2026-08-17 15:08:08] INFO: Configuring run
[2026-08-17 15:08:12] INFO: Total read length: 164682649
[2026-08-17 15:08:12] INFO: Input genome size: 4000000
[2026-08-17 15:08:12] INFO: Estimated coverage: 41
[2026-08-17 15:08:12] INFO: Reads N50/N90: 16942 / 1448
[2026-08-17 15:08:12] INFO: Minimum overlap set to 1000
[2026-08-17 15:08:12] INFO: >>>STAGE: assembly
[2026-08-17 15:08:12] INFO: Assembling disjointigs
[2026-08-17 15:08:12] INFO: Reading sequences
[2026-08-17 15:08:24] INFO: Counting k-mers:
0% 10% 20% 30% 40% 50% 60% 70% 80% 90% 100% 
[2026-08-17 15:09:23] INFO: Filling index table (1/2)
0% 10% 20% 30% 40% 50% 60% 70% 80% 90% 100% 
[2026-08-17 15:09:40] INFO: Filling index table (2/2)
0% 10% 20% 30% 40% 50% 60% 70% 80% 90% 100% 
[2026-08-17 15:10:00] INFO: Extending reads
[2026-08-17 15:10:17] INFO: Overlap-based coverage: 30
[2026-08-17 15:10:17] INFO: Median overlap divergence: 0.138119
0% 20% 80% 100% 
[2026-08-17 15:10:30] INFO: Assembled 2 disjointigs
[2026-08-17 15:10:31] INFO: Generating sequence
0% 10% 20% 30% 40% 50% 60% 70% 80% 90% 100% 
[2026-08-17 15:10:36] INFO: Filtering contained disjointigs
0% 50% 100% 
[2026-08-17 15:10:38] INFO: Contained seqs: 0
[2026-08-17 15:10:39] INFO: >>>STAGE: consensus
[2026-08-17 15:10:39] INFO: Running Minimap2
[2026-08-17 15:11:05] INFO: Computing consensus
[2026-08-17 15:12:05] INFO: Alignment error rate: 0.198920
[2026-08-17 15:12:05] INFO: >>>STAGE: repeat
[2026-08-17 15:12:05] INFO: Building and resolving repeat graph
[2026-08-17 15:12:05] INFO: Parsing disjointigs
[2026-08-17 15:12:05] INFO: Building repeat graph
0% 50% 100% 
[2026-08-17 15:12:19] INFO: Median overlap divergence: 0.237336
[2026-08-17 15:12:19] INFO: Parsing reads
[2026-08-17 15:12:22] INFO: Aligning reads to the graph
0% 10% 20% 30% 40% 50% 60% 70% 80% 90% 100% 
[2026-08-17 15:12:37] INFO: Aligned read sequence: 143942789 / 151877520 (0.947756)
[2026-08-17 15:12:37] INFO: Median overlap divergence: 0.0798271
[2026-08-17 15:12:37] INFO: Mean edge coverage: 36
[2026-08-17 15:12:37] INFO: Simplifying the graph
[2026-08-17 15:12:38] INFO: >>>STAGE: contigger
[2026-08-17 15:12:38] INFO: Generating contigs
[2026-08-17 15:12:38] INFO: Reading sequences
[2026-08-17 15:12:41] INFO: Generated 3 contigs
[2026-08-17 15:12:41] INFO: Added 0 scaffold connections
[2026-08-17 15:12:41] INFO: >>>STAGE: polishing
[2026-08-17 15:12:41] INFO: Polishing genome (1/1)
[2026-08-17 15:12:41] INFO: Running minimap2
[2026-08-17 15:12:59] INFO: Separating alignment into bubbles
[2026-08-17 15:14:00] INFO: Alignment error rate: 0.140152
[2026-08-17 15:14:00] INFO: Correcting bubbles
0% 10% 20% 30% 40% 50% 60% 70% 80% 90% 100% 
[2026-08-17 15:16:19] INFO: >>>STAGE: finalize
[2026-08-17 15:16:19] INFO: Assembly statistics:

	Total length:	4028238
	Fragments:	3
	Fragments N50:	2945010
	Largest frg:	2945010
	Scaffolds:	0
	Mean coverage:	40

[2026-08-17 15:16:19] INFO: Final assembly: /home/anees/qcb-bacterial-genomics-workshop/results/SRR11838355_flye/assembly.fasta
